input/bogusQuotes.gff3:2: invalid attribute tag, must start with an alphabetic character and be composed of alphanumeric, dash, or underscore characters: "ID
GFF3: 1 parser errors
