input/errCases1.gff3:5: expected name=value: Acc:KIBRLG]
GFF3: 1 parser errors
