                   	seqs	aligns
             total:	82	573
        weird over:	5	17
     drop minCover:	50	439
        kept weird:	3	11
              kept:	40	134
