========Expected========
valA
valB
valC
valD
valE
valF
valG
valH
valI
valJ
valK
valL
=========Output=========
valA
valB
valC
valD
valE
valF
valG
valH
valI
valJ
valK
valL
========================
