========Expected========
valA
valD
valG
valJ
=========Output=========
valA
valD
valG
valJ
========================
