# db: hg38
# inputFile: input/hgvs/validTerms.txt
chr1	11796320	11796321	NM_005957.4:c.665C>T
chr1	11796320	11796321	LRG_726t1:c.665C>T
chr11	112088972	112088973	NM_003002.3:c.276C>A
chr11	112088970	112088973	NP_002993.1:p.Asp92Glu
chr11	112088970	112088973	NP_002993.1:p.D92E
chr2	29193604	29193607	ALK G1494E
chr20	33443333	33443334	NM_003098.2:c.287G>C
chr17	43093299	43093300	NM_007294.3:c.2231C>A
chr17	43093299	43093300	NM_007294.3(BRCA1):c.2231C>A
