## ENSEMBL VARIANT EFFECT PREDICTOR format (UCSC Variant Annotation Integrator)
## Connected to UCSC database hg19
## Variants: getNameFromPrimarySource
Uploaded Variation	Location	Allele	Gene	Feature	Feature type	Consequence	Position in cDNA	Position in CDS	Position in protein	Amino acid change	Codon change	Co-located Variation	Extra
chr1_881907_-/C	chr1:881907-881906		ENSG00000187634	ENST00000342066	Transcript	downstream_gene_variant	-	-	-	-	-	-	DISTANCE=1951
chr1_881907_-/C	chr1:881907-881906		ENSG00000187634	ENST00000341065	Transcript	downstream_gene_variant	-	-	-	-	-	-	DISTANCE=1951
chr1_881907_-/C	chr1:881907-881906		ENSG00000187634	ENST00000455979	Transcript	downstream_gene_variant	-	-	-	-	-	-	DISTANCE=2267
chr1_881907_-/C	chr1:881907-881906		ENSG00000187634	ENST00000478729	Transcript	downstream_gene_variant	-	-	-	-	-	-	DISTANCE=4353
chr1_881907_-/C	chr1:881907-881906		ENSG00000187634	ENST00000474461	Transcript	downstream_gene_variant	-	-	-	-	-	-	DISTANCE=3532
chr1_881907_-/C	chr1:881907-881906		ENSG00000187634	ENST00000466827	Transcript	downstream_gene_variant	-	-	-	-	-	-	DISTANCE=3724
chr1_881907_-/C	chr1:881907-881906		ENSG00000187634	ENST00000464948	Transcript	downstream_gene_variant	-	-	-	-	-	-	DISTANCE=3634
chr1_881907_-/C	chr1:881907-881906	C	ENSG00000188976	ENST00000327044	Transcript	stop_gained	1729	1679	560	ECKVANYCRQVQQLLGKVQENSAYICSRRQRVSFGVSE/GVQGGQLLPAGAAAAWEGSGELGIHLQPPPEGFLRRL*	GAGTGCAAGGTGGCCAACTACTGCCGGCAGGTGCAGCAGCTGCTTGGGAAGGTTCAGGAGAACTCGGCATACATCTGCAGCCGCCGCCAGAGGGTTTCCTTCGGCGTCTCTGAG/GGAGTGCAAGGTGGCCAACTACTGCCGGCAGGTGCAGCAGCTGCTTGGGAAGGTTCAGGAGAACTCGGCATACATCTGCAGCCGCCGCCAGAGGGTTTCCTTCGGCGTCTCTGA	-	-
chr1_881907_-/C	chr1:881907-881906		ENSG00000188976	ENST00000496938	Transcript	upstream_gene_variant	-	-	-	-	-	-	DISTANCE=964
chr5_140532_T/C	chr5:140532		ENSG00000249430	ENST00000512035	Transcript	downstream_gene_variant	-	-	-	-	-	rs12516846	DISTANCE=553
chr5_140532_T/C	chr5:140532	C	ENSG00000153404	ENST00000283426	Transcript	missense_variant	160	110	37	V/A	GTA/GCA	rs12516846	-
chr5_140532_T/C	chr5:140532		ENSG00000153404	ENST00000502646	Transcript	upstream_gene_variant	-	-	-	-	-	rs12516846	DISTANCE=149
chr5_140532_T/C	chr5:140532		ENSG00000199540	ENST00000362670	Transcript	downstream_gene_variant	-	-	-	-	-	rs12516846	DISTANCE=3670
