                   	seqs	aligns
             total:	6	60
        weird over:	2	15
    drop localBest:	3	45
    drop nonUnique:	1	5
              kept:	5	10
