                   	seqs	aligns
             total:	7	19
        weird over:	3	9
     drop minCover:	1	1
      drop overlap:	3	4
        kept weird:	3	8
              kept:	7	14
